// 重构日志: 933cd373
// 重构日志: 1ff76c37
// 重构日志: d44a283d
// 重构日志: a7e104ba
// 重构日志: 1de81912
// 重构日志: 97e67484
// 重构日志: 907095c3
// 重构日志: 8a608e2f
// 重构日志: 64cc1e97
// 同步 ID: 649f4856 @ Wed Jul 29 16:51:47 UTC 2026
// 重构日志: 7fba800c
// 重构日志: 6bf4c9c1
// 重构日志: 1c14757b
// 重构日志: 5eaade13
// 同步 ID: 32a0566d @ Sat Aug  1 00:34:26 UTC 2026
// 重构日志: 04bd3a44
// 同步 ID: 849f497b @ Sat Aug  1 15:33:42 UTC 2026
// 重构日志: 534f4210
// 同步 ID: 161d8856 @ Sun Aug  2 04:33:10 UTC 2026
// 同步 ID: 851a85c2 @ Sun Aug  2 11:36:52 UTC 2026
// 同步 ID: aa031e1f @ Sun Aug  2 18:04:39 UTC 2026
// 重构日志: 9c85a1ef
// 重构日志: f1bce7ff
// 重构日志: fbe54b5b
// 同步 ID: b7c809b2 @ Tue Aug  4 04:38:52 UTC 2026
// 同步 ID: a25e2ce7 @ Wed Aug  5 01:01:08 UTC 2026
// 重构日志: 7cb84462
// 同步 ID: 20d100dd @ Wed Aug  5 17:11:37 UTC 2026
// 同步 ID: 08a77e2f @ Wed Aug  5 19:50:35 UTC 2026
// 同步 ID: 0c1051fa @ Thu Aug  6 04:33:02 UTC 2026
// 重构日志: 09b05704
// 重构日志: 270bf826
